// Jest Snapshot v1, https://goo.gl/fbAQLP

exports[`Badge renders correctly 1`] = `
<View>
  <Text
    accessible={true}
    allowFontScaling={true}
    ellipsizeMode="tail"
  >
    12
  </Text>
</View>
`;
