// Jest Snapshot v1, https://goo.gl/fbAQLP

exports[`Button renders correctly 1`] = `
<View
  style={
    Array [
      Object {},
      false,
    ]
  }
>
  <View
    accessible={true}
    isTVSelectable={true}
    onResponderGrant={[Function]}
    onResponderMove={[Function]}
    onResponderRelease={[Function]}
    onResponderTerminate={[Function]}
    onResponderTerminationRequest={[Function]}
    onStartShouldSetResponder={[Function]}
    style={
      Object {
        "opacity": 1,
      }
    }
  >
    <View
      style={
        Array [
          Object {
            "alignItems": "center",
            "backgroundColor": "#2089dc",
            "borderRadius": 3,
            "flexDirection": "row",
            "justifyContent": "center",
          },
          Object {},
          false,
          false,
          false,
          undefined,
        ]
      }
    >
      <Text
        accessible={true}
        allowFontScaling={true}
        ellipsizeMode="tail"
        style={
          Array [
            Object {
              "backgroundColor": "transparent",
              "color": "white",
              "fontSize": 18,
              "padding": 8,
              "textAlign": "center",
            },
            undefined,
            false,
            false,
          ]
        }
      >
        Welcome to
React Native Elements
      </Text>
    </View>
  </View>
</View>
`;
