// Jest Snapshot v1, https://goo.gl/fbAQLP

exports[`Errorinfo Component using shallow renders correctly 1`] = `[Function]`;

exports[`Errorinfo Component using shallow renders correctly 2`] = `[Function]`;

exports[`Text renders correctly 1`] = `<View />`;
