// Jest Snapshot v1, https://goo.gl/fbAQLP

exports[`Loading renders correctly 1`] = `
<View>
  <ActivityIndicator
    animating={true}
    color="#2E88FF"
    hidesWhenStopped={true}
    size="large"
  />
</View>
`;
