// Jest Snapshot v1, https://goo.gl/fbAQLP

exports[`ProfileList renders correctly 1`] = `
<RCTScrollView
  data={
    Array [
      Object {
        "icon": "email-outline",
        "id": "0",
        "onPress": [MockFunction],
        "status": "online",
        "title": "smith@gmail.com",
      },
      Object {
        "icon": "facebook-box",
        "id": "1",
        "onPress": [MockFunction],
        "status": "online",
        "title": "Link Facebook account",
      },
      Object {
        "avatar_url": "https://my-avatar.com/avatar-215.png",
        "icon": "google",
        "id": "2",
        "onAvatarPress": [MockFunction],
        "onPress": [MockFunction],
        "status": "busy",
        "title": "Link Google account",
      },
      Object {
        "icon": "phone",
        "id": "3",
        "onPress": [MockFunction],
        "title": "Link phone number",
      },
      Object {
        "date": "05.02.19",
        "icon": "logout",
        "id": "4",
        "onPress": [MockFunction],
        "style": "color:2E88FF",
        "time": "12:16PM",
        "title": "Logout",
      },
    ]
  }
  disableVirtualization={false}
  getItem={[Function]}
  getItemCount={[Function]}
  horizontal={false}
  initialNumToRender={10}
  keyExtractor={[Function]}
  maxToRenderPerBatch={10}
  numColumns={1}
  onContentSizeChange={[Function]}
  onEndReachedThreshold={2}
  onLayout={[Function]}
  onMomentumScrollEnd={[Function]}
  onScroll={[Function]}
  onScrollBeginDrag={[Function]}
  onScrollEndDrag={[Function]}
  renderItem={[Function]}
  scrollEventThrottle={50}
  stickyHeaderIndices={Array []}
  updateCellsBatchingPeriod={50}
  viewabilityConfigCallbackPairs={Array []}
  windowSize={21}
>
  <View>
    <View
      onLayout={[Function]}
      style={null}
    >
      <View
        accessible={true}
        isTVSelectable={true}
        onResponderGrant={[Function]}
        onResponderMove={[Function]}
        onResponderRelease={[Function]}
        onResponderTerminate={[Function]}
        onResponderTerminationRequest={[Function]}
        onStartShouldSetResponder={[Function]}
        style={
          Object {
            "opacity": 1,
          }
        }
      >
        <View
          style={
            Array [
              Object {
                "alignItems": "center",
                "backgroundColor": "white",
                "flexDirection": "row",
                "padding": 14,
              },
              undefined,
              Array [
                undefined,
                null,
              ],
              undefined,
            ]
          }
        >
          <Text
            accessible={true}
            allowFontScaling={false}
            ellipsizeMode="tail"
            style={
              Array [
                Object {
                  "color": "#8E8E93",
                  "fontSize": 26,
                },
                undefined,
                Object {
                  "fontFamily": "Material Design Icons",
                  "fontStyle": "normal",
                  "fontWeight": "normal",
                },
                Object {},
              ]
            }
            type="material-community"
          >
            
          </Text>
          <View
            width={16}
          />
          <View
            style={
              Array [
                Object {
                  "flex": 1,
                  "justifyContent": "center",
                },
                undefined,
              ]
            }
          >
            <Text
              accessible={true}
              allowFontScaling={true}
              ellipsizeMode="tail"
              style={
                Array [
                  Object {},
                  undefined,
                  undefined,
                  undefined,
                  undefined,
                  undefined,
                  undefined,
                  undefined,
                  undefined,
                  undefined,
                  Array [
                    Array [
                      Object {
                        "backgroundColor": "transparent",
                        "fontSize": 17,
                      },
                      Array [
                        undefined,
                        Object {
                          "color": "#000000",
                        },
                      ],
                    ],
                    undefined,
                  ],
                ]
              }
            >
              smith@gmail.com
            </Text>
          </View>
        </View>
      </View>
    </View>
    <View
      onLayout={[Function]}
      style={null}
    >
      <View
        accessible={true}
        isTVSelectable={true}
        onResponderGrant={[Function]}
        onResponderMove={[Function]}
        onResponderRelease={[Function]}
        onResponderTerminate={[Function]}
        onResponderTerminationRequest={[Function]}
        onStartShouldSetResponder={[Function]}
        style={
          Object {
            "opacity": 1,
          }
        }
      >
        <View
          style={
            Array [
              Object {
                "alignItems": "center",
                "backgroundColor": "white",
                "flexDirection": "row",
                "padding": 14,
              },
              undefined,
              Array [
                undefined,
                null,
              ],
              undefined,
            ]
          }
        >
          <Text
            accessible={true}
            allowFontScaling={false}
            ellipsizeMode="tail"
            style={
              Array [
                Object {
                  "color": "#8E8E93",
                  "fontSize": 26,
                },
                undefined,
                Object {
                  "fontFamily": "Material Design Icons",
                  "fontStyle": "normal",
                  "fontWeight": "normal",
                },
                Object {},
              ]
            }
            type="material-community"
          >
            
          </Text>
          <View
            width={16}
          />
          <View
            style={
              Array [
                Object {
                  "flex": 1,
                  "justifyContent": "center",
                },
                undefined,
              ]
            }
          >
            <Text
              accessible={true}
              allowFontScaling={true}
              ellipsizeMode="tail"
              style={
                Array [
                  Object {},
                  undefined,
                  undefined,
                  undefined,
                  undefined,
                  undefined,
                  undefined,
                  undefined,
                  undefined,
                  undefined,
                  Array [
                    Array [
                      Object {
                        "backgroundColor": "transparent",
                        "fontSize": 17,
                      },
                      Array [
                        undefined,
                        Object {
                          "color": "#000000",
                        },
                      ],
                    ],
                    undefined,
                  ],
                ]
              }
            >
              Link Facebook account
            </Text>
          </View>
        </View>
      </View>
    </View>
    <View
      onLayout={[Function]}
      style={null}
    >
      <View
        accessible={true}
        isTVSelectable={true}
        onResponderGrant={[Function]}
        onResponderMove={[Function]}
        onResponderRelease={[Function]}
        onResponderTerminate={[Function]}
        onResponderTerminationRequest={[Function]}
        onStartShouldSetResponder={[Function]}
        style={
          Object {
            "opacity": 1,
          }
        }
      >
        <View
          style={
            Array [
              Object {
                "alignItems": "center",
                "backgroundColor": "white",
                "flexDirection": "row",
                "padding": 14,
              },
              undefined,
              Array [
                undefined,
                null,
              ],
              undefined,
            ]
          }
        >
          <Text
            accessible={true}
            allowFontScaling={false}
            ellipsizeMode="tail"
            style={
              Array [
                Object {
                  "color": "#8E8E93",
                  "fontSize": 26,
                },
                undefined,
                Object {
                  "fontFamily": "Material Design Icons",
                  "fontStyle": "normal",
                  "fontWeight": "normal",
                },
                Object {},
              ]
            }
            type="material-community"
          >
            
          </Text>
          <View
            width={16}
          />
          <View
            style={
              Array [
                undefined,
                Object {
                  "position": "relative",
                },
              ]
            }
          >
            <View
              accessible={true}
              isTVSelectable={true}
              onResponderGrant={[Function]}
              onResponderMove={[Function]}
              onResponderRelease={[Function]}
              onResponderTerminate={[Function]}
              onResponderTerminationRequest={[Function]}
              onStartShouldSetResponder={[Function]}
              style={
                Object {
                  "backgroundColor": "#6c1f34",
                  "borderRadius": 25,
                  "height": 50,
                  "opacity": 1,
                  "width": 50,
                }
              }
            >
              <View
                style={
                  Array [
                    Object {
                      "overflow": "hidden",
                    },
                    Object {
                      "borderRadius": 25,
                      "height": 50,
                      "width": 50,
                    },
                  ]
                }
              >
                <FastImageView
                  onFastImageError={[Function]}
                  resizeMode="cover"
                  source={
                    Object {
                      "priority": "high",
                      "uri": "https://my-avatar.com/avatar-215.png",
                    }
                  }
                  style={
                    Object {
                      "bottom": 0,
                      "left": 0,
                      "position": "absolute",
                      "right": 0,
                      "top": 0,
                    }
                  }
                />
              </View>
            </View>
            <View
              style={
                Array [
                  undefined,
                  Object {
                    "backgroundColor": "#FF3B30",
                    "position": "absolute",
                    "right": 0,
                  },
                ]
              }
            />
          </View>
          <View
            width={16}
          />
          <View
            style={
              Array [
                Object {
                  "flex": 1,
                  "justifyContent": "center",
                },
                undefined,
              ]
            }
          >
            <Text
              accessible={true}
              allowFontScaling={true}
              ellipsizeMode="tail"
              style={
                Array [
                  Object {},
                  undefined,
                  undefined,
                  undefined,
                  undefined,
                  undefined,
                  undefined,
                  undefined,
                  undefined,
                  undefined,
                  Array [
                    Array [
                      Object {
                        "backgroundColor": "transparent",
                        "fontSize": 17,
                      },
                      Array [
                        undefined,
                        Object {
                          "color": "#000000",
                        },
                      ],
                    ],
                    undefined,
                  ],
                ]
              }
            >
              Link Google account
            </Text>
          </View>
        </View>
      </View>
    </View>
    <View
      onLayout={[Function]}
      style={null}
    >
      <View
        accessible={true}
        isTVSelectable={true}
        onResponderGrant={[Function]}
        onResponderMove={[Function]}
        onResponderRelease={[Function]}
        onResponderTerminate={[Function]}
        onResponderTerminationRequest={[Function]}
        onStartShouldSetResponder={[Function]}
        style={
          Object {
            "opacity": 1,
          }
        }
      >
        <View
          style={
            Array [
              Object {
                "alignItems": "center",
                "backgroundColor": "white",
                "flexDirection": "row",
                "padding": 14,
              },
              undefined,
              Array [
                undefined,
                null,
              ],
              undefined,
            ]
          }
        >
          <Text
            accessible={true}
            allowFontScaling={false}
            ellipsizeMode="tail"
            style={
              Array [
                Object {
                  "color": "#8E8E93",
                  "fontSize": 26,
                },
                undefined,
                Object {
                  "fontFamily": "Material Design Icons",
                  "fontStyle": "normal",
                  "fontWeight": "normal",
                },
                Object {},
              ]
            }
            type="material-community"
          >
            
          </Text>
          <View
            width={16}
          />
          <View
            style={
              Array [
                Object {
                  "flex": 1,
                  "justifyContent": "center",
                },
                undefined,
              ]
            }
          >
            <Text
              accessible={true}
              allowFontScaling={true}
              ellipsizeMode="tail"
              style={
                Array [
                  Object {},
                  undefined,
                  undefined,
                  undefined,
                  undefined,
                  undefined,
                  undefined,
                  undefined,
                  undefined,
                  undefined,
                  Array [
                    Array [
                      Object {
                        "backgroundColor": "transparent",
                        "fontSize": 17,
                      },
                      Array [
                        undefined,
                        Object {
                          "color": "#000000",
                        },
                      ],
                    ],
                    undefined,
                  ],
                ]
              }
            >
              Link phone number
            </Text>
          </View>
        </View>
      </View>
    </View>
    <View
      onLayout={[Function]}
      style={null}
    >
      <View
        accessible={true}
        isTVSelectable={true}
        onResponderGrant={[Function]}
        onResponderMove={[Function]}
        onResponderRelease={[Function]}
        onResponderTerminate={[Function]}
        onResponderTerminationRequest={[Function]}
        onStartShouldSetResponder={[Function]}
        style={
          Object {
            "opacity": 1,
          }
        }
      >
        <View
          style={
            Array [
              Object {
                "alignItems": "center",
                "backgroundColor": "white",
                "flexDirection": "row",
                "padding": 14,
              },
              undefined,
              Array [
                undefined,
                null,
              ],
              undefined,
            ]
          }
        >
          <Text
            accessible={true}
            allowFontScaling={false}
            ellipsizeMode="tail"
            style={
              Array [
                Object {
                  "color": "#2E88FF",
                  "fontSize": 26,
                },
                undefined,
                Object {
                  "fontFamily": "Material Design Icons",
                  "fontStyle": "normal",
                  "fontWeight": "normal",
                },
                Object {},
              ]
            }
            type="material-community"
          >
            
          </Text>
          <View
            width={16}
          />
          <View
            style={
              Array [
                Object {
                  "flex": 1,
                  "justifyContent": "center",
                },
                undefined,
              ]
            }
          >
            <Text
              accessible={true}
              allowFontScaling={true}
              ellipsizeMode="tail"
              style={
                Array [
                  Object {},
                  undefined,
                  undefined,
                  undefined,
                  undefined,
                  undefined,
                  undefined,
                  undefined,
                  undefined,
                  undefined,
                  Array [
                    Array [
                      Object {
                        "backgroundColor": "transparent",
                        "fontSize": 17,
                      },
                      Array [
                        undefined,
                        Object {
                          "color": "#2E88FF",
                        },
                      ],
                    ],
                    undefined,
                  ],
                ]
              }
            >
              Logout
            </Text>
          </View>
          <View
            width={16}
          />
          <View
            style={
              Array [
                Object {
                  "alignItems": "flex-end",
                  "flex": 0.5,
                  "justifyContent": "center",
                },
                undefined,
              ]
            }
          >
            <View
              style={
                Object {
                  "flexDirection": "column",
                }
              }
            >
              <Text
                accessible={true}
                allowFontScaling={true}
                ellipsizeMode="tail"
                style={
                  Object {
                    "color": "#8E8E93",
                    "fontSize": 14,
                    "textAlign": "right",
                  }
                }
              >
                05.02.19
              </Text>
              <Text
                accessible={true}
                allowFontScaling={true}
                ellipsizeMode="tail"
                style={
                  Object {
                    "color": "#8E8E93",
                    "fontSize": 12,
                    "textAlign": "right",
                  }
                }
              >
                12:16PM
              </Text>
            </View>
          </View>
        </View>
      </View>
    </View>
  </View>
</RCTScrollView>
`;
