// Jest Snapshot v1, https://goo.gl/fbAQLP

exports[`TabIcon renders correctly 1`] = `
<View
  style={
    Object {
      "alignItems": "center",
      "height": 30,
      "justifyContent": "center",
      "width": 30,
    }
  }
>
  <View>
    <View
      style={
        Array [
          false,
          false,
          false,
          Object {
            "alignItems": "center",
            "backgroundColor": "transparent",
            "justifyContent": "center",
          },
        ]
      }
      underlayColor="white"
    >
      <Text
        accessible={true}
        allowFontScaling={false}
        ellipsizeMode="tail"
        style={
          Array [
            Object {
              "color": "#8E8E93",
              "fontSize": 22,
            },
            Array [
              Object {
                "backgroundColor": "transparent",
              },
              undefined,
            ],
            Object {
              "fontFamily": "Material Design Icons",
              "fontStyle": "normal",
              "fontWeight": "normal",
            },
            Object {},
          ]
        }
      >
        ï–„
      </Text>
    </View>
  </View>
</View>
`;
